// Jest Snapshot v1, https://goo.gl/fbAQLP

exports[`renders correctly 1`] = `
<View
  style={
    Object {
      "alignItems": "center",
      "backgroundColor": "#fff",
      "flex": 1,
      "justifyContent": "center",
    }
  }
>
  <View
    style={
      Object {
        "flex": 1,
        "justifyContent": "space-around",
        "margin": 10,
        "marginTop": 10,
        "padding": 15,
        "position": "relative",
      }
    }
  >
    <View
      style={
        Object {
          "alignItems": "center",
          "flex": 1,
          "flexDirection": "row",
          "justifyContent": "space-between",
          "margin": 10,
        }
      }
    >
      <View
        accessible={true}
        focusable={true}
        onClick={[Function]}
        onResponderGrant={[Function]}
        onResponderMove={[Function]}
        onResponderRelease={[Function]}
        onResponderTerminate={[Function]}
        onResponderTerminationRequest={[Function]}
        onStartShouldSetResponder={[Function]}
        style={
          Object {
            "opacity": 1,
          }
        }
      >
        <Image
          source={1}
          style={
            Object {
              "flex": 1,
              "marginLeft": 10,
              "marginRight": 10,
              "maxWidth": 60,
              "resizeMode": "contain",
            }
          }
        />
      </View>
      <Text
        style={
          Object {
            "color": "#000000",
            "flex": 1,
            "fontSize": 18,
            "fontWeight": "bold",
            "marginLeft": 10,
          }
        }
      >
        Max Muster 
      </Text>
    </View>
    <View
      accessible={true}
      focusable={true}
      onClick={[Function]}
      onResponderGrant={[Function]}
      onResponderMove={[Function]}
      onResponderRelease={[Function]}
      onResponderTerminate={[Function]}
      onResponderTerminationRequest={[Function]}
      onStartShouldSetResponder={[Function]}
      style={
        Object {
          "backgroundColor": "#FFF",
          "height": 230,
          "margin": 10,
          "opacity": 1,
          "position": "relative",
          "width": 370,
        }
      }
    >
      <View
        accessibilityIgnoresInvertColors={true}
        style={
          Object {
            "height": 230,
            "position": "absolute",
            "width": 370,
          }
        }
      >
        <Image
          source={1}
          style={
            Array [
              Object {
                "bottom": 0,
                "left": 0,
                "position": "absolute",
                "right": 0,
                "top": 0,
              },
              Object {
                "height": 230,
                "width": 370,
              },
              undefined,
            ]
          }
        />
      </View>
      <View
        style={
          Object {
            "alignItems": "flex-start",
            "flex": 1,
            "justifyContent": "flex-start",
            "padding": 30,
          }
        }
      >
        <Text
          style={
            Object {
              "fontSize": 16,
            }
          }
        >
          Danke für dein Vertrauen! 
        </Text>
        <Text
          style={
            Object {
              "fontSize": 16,
            }
          }
        >
          Dein Fahrrad befindet sich hier: 
          

        </Text>
        <Text
          style={
            Object {
              "fontSize": 16,
              "fontStyle": "italic",
              "textDecorationLine": "underline",
            }
          }
        >
           Zeig es auf der Karte 
        </Text>
      </View>
    </View>
    <View
      style={
        Object {
          "alignItems": "center",
          "flex": 1,
          "flexDirection": "row",
          "justifyContent": "space-between",
          "margin": 10,
        }
      }
    >
      <View
        accessible={true}
        focusable={false}
        onClick={[Function]}
        onResponderGrant={[Function]}
        onResponderMove={[Function]}
        onResponderRelease={[Function]}
        onResponderTerminate={[Function]}
        onResponderTerminationRequest={[Function]}
        onStartShouldSetResponder={[Function]}
        style={
          Object {
            "borderColor": "#E6E5F2",
            "borderRadius": 30,
            "borderWidth": 1,
            "flex": 1,
            "maxWidth": 160,
            "opacity": 1,
            "padding": 10,
          }
        }
      >
        <Text
          style={
            Object {
              "alignItems": "center",
              "color": "#55418E",
              "flex": 1,
              "fontSize": 16,
              "fontWeight": "bold",
              "justifyContent": "center",
            }
          }
        >
           Zeit verging 
        </Text>
        <Text />
        <Text
          style={
            Object {
              "alignItems": "center",
              "color": "#FFA500",
              "flex": 1,
              "fontSize": 16,
              "fontWeight": "normal",
              "justifyContent": "center",
            }
          }
        >
           1 Tag 
        </Text>
      </View>
      <View
        accessible={true}
        focusable={false}
        onClick={[Function]}
        onResponderGrant={[Function]}
        onResponderMove={[Function]}
        onResponderRelease={[Function]}
        onResponderTerminate={[Function]}
        onResponderTerminationRequest={[Function]}
        onStartShouldSetResponder={[Function]}
        style={
          Object {
            "borderColor": "#E6E5F2",
            "borderRadius": 30,
            "borderWidth": 1,
            "flex": 1,
            "maxWidth": 160,
            "opacity": 1,
            "padding": 10,
          }
        }
      >
        <Text
          style={
            Object {
              "alignItems": "center",
              "color": "#55418E",
              "flex": 1,
              "fontSize": 16,
              "fontWeight": "bold",
              "justifyContent": "center",
            }
          }
        >
           Parkkosten 
        </Text>
        <Text />
        <Text
          style={
            Object {
              "alignItems": "center",
              "color": "#FFA500",
              "flex": 1,
              "fontSize": 16,
              "fontWeight": "normal",
              "justifyContent": "center",
            }
          }
        >
           50 $ 
        </Text>
      </View>
    </View>
    <View
      accessible={true}
      focusable={true}
      onClick={[Function]}
      onResponderGrant={[Function]}
      onResponderMove={[Function]}
      onResponderRelease={[Function]}
      onResponderTerminate={[Function]}
      onResponderTerminationRequest={[Function]}
      onStartShouldSetResponder={[Function]}
      style={
        Object {
          "alignItems": "center",
          "backgroundColor": "#F28D35",
          "borderRadius": 38,
          "elevation": 3,
          "height": 55,
          "justifyContent": "center",
          "margin": 9,
          "opacity": 1,
          "padding": 18,
          "width": 328,
        }
      }
    >
      <Text
        style={
          Object {
            "color": "#F2F2F2",
            "fontSize": 14,
            "height": "100%",
            "textAlign": "center",
            "width": "100%",
          }
        }
      >
         Max Muster's bike 
      </Text>
      <Text
        style={
          Object {
            "color": "#F2F2F2",
            "fontSize": 14,
            "height": "100%",
            "textAlign": "center",
            "width": "100%",
          }
        }
      >
         locked on spot X 
      </Text>
    </View>
    <View
      accessible={true}
      focusable={true}
      onClick={[Function]}
      onResponderGrant={[Function]}
      onResponderMove={[Function]}
      onResponderRelease={[Function]}
      onResponderTerminate={[Function]}
      onResponderTerminationRequest={[Function]}
      onStartShouldSetResponder={[Function]}
      style={
        Object {
          "borderColor": "#E6E5F2",
          "borderRadius": 30,
          "borderWidth": 1,
          "flex": 1,
          "margin": 10,
          "maxHeight": 50,
          "opacity": 1,
        }
      }
    >
      <Text
        style={
          Object {
            "alignItems": "center",
            "color": "#55418E",
            "flex": 1,
            "fontSize": 15,
            "justifyContent": "center",
            "margin": 10,
          }
        }
      >
         Frühere Reservierungen und Zahlungen 
      </Text>
    </View>
  </View>
  <View
    style={
      Object {
        "flexDirection": "row",
        "height": 70,
        "justifyContent": "flex-start",
        "width": "100%",
      }
    }
  >
    <View
      accessible={true}
      focusable={true}
      onClick={[Function]}
      onResponderGrant={[Function]}
      onResponderMove={[Function]}
      onResponderRelease={[Function]}
      onResponderTerminate={[Function]}
      onResponderTerminationRequest={[Function]}
      onStartShouldSetResponder={[Function]}
      style={
        Object {
          "backgroundColor": "#F28D35",
          "flex": 1,
          "opacity": 1,
          "padding": 5,
        }
      }
    >
      <View
        style={
          Object {
            "alignItems": "center",
            "flexDirection": "column",
            "justifyContent": "flex-start",
          }
        }
      >
        <View
          style={
            Object {
              "margin": 5,
            }
          }
        >
          <Image
            source={1}
          />
        </View>
        <Text
          style={
            Object {
              "color": "#F2F2F2",
              "fontSize": 14,
              "height": "100%",
              "textAlign": "center",
              "width": "100%",
            }
          }
        >
          Profil
        </Text>
      </View>
    </View>
    <View
      accessible={true}
      focusable={true}
      onClick={[Function]}
      onResponderGrant={[Function]}
      onResponderMove={[Function]}
      onResponderRelease={[Function]}
      onResponderTerminate={[Function]}
      onResponderTerminationRequest={[Function]}
      onStartShouldSetResponder={[Function]}
      style={
        Object {
          "backgroundColor": "#F28D35",
          "flex": 1,
          "opacity": 1,
          "padding": 5,
        }
      }
    >
      <View
        style={
          Object {
            "alignItems": "center",
            "flexDirection": "column",
            "justifyContent": "flex-start",
          }
        }
      >
        <View
          style={
            Object {
              "margin": 5,
            }
          }
        >
          <Image
            source={1}
          />
        </View>
        <Text
          style={
            Object {
              "color": "#F2F2F2",
              "fontSize": 14,
              "height": "100%",
              "textAlign": "center",
              "width": "100%",
            }
          }
        >
          (un)lock
        </Text>
      </View>
    </View>
    <View
      accessible={true}
      focusable={true}
      onClick={[Function]}
      onResponderGrant={[Function]}
      onResponderMove={[Function]}
      onResponderRelease={[Function]}
      onResponderTerminate={[Function]}
      onResponderTerminationRequest={[Function]}
      onStartShouldSetResponder={[Function]}
      style={
        Object {
          "backgroundColor": "#F28D35",
          "flex": 1,
          "opacity": 1,
          "padding": 5,
        }
      }
    >
      <View
        style={
          Object {
            "alignItems": "center",
            "flexDirection": "column",
            "justifyContent": "flex-start",
          }
        }
      >
        <View
          style={
            Object {
              "margin": 5,
            }
          }
        >
          <Image
            source={1}
          />
        </View>
        <Text
          style={
            Object {
              "color": "#F2F2F2",
              "fontSize": 14,
              "height": "100%",
              "textAlign": "center",
              "width": "100%",
            }
          }
        />
      </View>
    </View>
    <View
      accessible={true}
      focusable={true}
      onClick={[Function]}
      onResponderGrant={[Function]}
      onResponderMove={[Function]}
      onResponderRelease={[Function]}
      onResponderTerminate={[Function]}
      onResponderTerminationRequest={[Function]}
      onStartShouldSetResponder={[Function]}
      style={
        Object {
          "backgroundColor": "#F28D35",
          "flex": 1,
          "opacity": 1,
          "padding": 5,
        }
      }
    >
      <View
        style={
          Object {
            "alignItems": "center",
            "flexDirection": "column",
            "justifyContent": "flex-start",
          }
        }
      >
        <View
          style={
            Object {
              "margin": 5,
            }
          }
        >
          <Image
            source={1}
          />
        </View>
        <Text
          style={
            Object {
              "color": "#F2F2F2",
              "fontSize": 14,
              "height": "100%",
              "textAlign": "center",
              "width": "100%",
            }
          }
        >
          Navigation
        </Text>
      </View>
    </View>
    <View
      accessible={true}
      focusable={true}
      onClick={[Function]}
      onResponderGrant={[Function]}
      onResponderMove={[Function]}
      onResponderRelease={[Function]}
      onResponderTerminate={[Function]}
      onResponderTerminationRequest={[Function]}
      onStartShouldSetResponder={[Function]}
      style={
        Object {
          "backgroundColor": "#F28D35",
          "flex": 1,
          "opacity": 1,
          "padding": 5,
        }
      }
    >
      <View
        style={
          Object {
            "alignItems": "center",
            "flexDirection": "column",
            "justifyContent": "flex-start",
          }
        }
      >
        <View
          style={
            Object {
              "margin": 5,
            }
          }
        >
          <Image
            source={1}
          />
        </View>
        <Text
          style={
            Object {
              "color": "#F2F2F2",
              "fontSize": 14,
              "height": "100%",
              "textAlign": "center",
              "width": "100%",
            }
          }
        >
          Verlauf
        </Text>
      </View>
    </View>
  </View>
</View>
`;
