// Jest Snapshot v1, https://goo.gl/fbAQLP

exports[`renders correctly 1`] = `
<View
  style={
    Object {
      "alignItems": "center",
      "backgroundColor": "#fff",
      "flex": 1,
      "justifyContent": "center",
    }
  }
>
  <View
    style={
      Object {
        "flex": 1,
        "justifyContent": "center",
        "marginTop": 30,
        "padding": 15,
        "position": "relative",
      }
    }
  >
    <View
      style={
        Object {
          "alignSelf": "center",
        }
      }
    >
      <Text
        style={
          Object {
            "fontSize": 27,
            "fontWeight": "400",
            "letterSpacing": 2,
          }
        }
      >
        Zahlungsbestätigung 
        <Image
          source={1}
        />
      </Text>
    </View>
    <View
      accessible={true}
      focusable={false}
      onClick={[Function]}
      onResponderGrant={[Function]}
      onResponderMove={[Function]}
      onResponderRelease={[Function]}
      onResponderTerminate={[Function]}
      onResponderTerminationRequest={[Function]}
      onStartShouldSetResponder={[Function]}
      style={
        Object {
          "backgroundColor": "#FFF",
          "height": 230,
          "margin": 10,
          "opacity": 1,
          "position": "relative",
          "width": 370,
        }
      }
    >
      <View
        accessibilityIgnoresInvertColors={true}
        style={
          Object {
            "height": 230,
            "position": "absolute",
            "width": 370,
          }
        }
      >
        <Image
          source={1}
          style={
            Array [
              Object {
                "bottom": 0,
                "left": 0,
                "position": "absolute",
                "right": 0,
                "top": 0,
              },
              Object {
                "height": 230,
                "width": 370,
              },
              undefined,
            ]
          }
        />
      </View>
      <View
        style={
          Object {
            "alignItems": "flex-start",
            "flex": 1,
            "justifyContent": "flex-start",
            "padding": 30,
          }
        }
      >
        <Text
          style={
            Object {
              "color": "#000000",
              "fontSize": 16,
            }
          }
        >
          Vielen Dank für dein Vertrauen! 
        </Text>
        <Text
          style={
            Object {
              "color": "#000000",
              "fontSize": 16,
            }
          }
        >
          Wir ziehen folgenden Betrag von deiner ausgewählten Zahlungsmethode ein: 
          

        </Text>
        <Text
          style={
            Object {
              "color": "#000000",
              "fontSize": 16,
              "fontWeight": "bold",
            }
          }
        >
          10,57 €
        </Text>
      </View>
    </View>
    <View
      style={
        Object {
          "alignSelf": "center",
        }
      }
    >
      <Image
        source={1}
        style={
          Object {
            "alignSelf": "center",
            "justifyContent": "center",
            "marginLeft": -2,
            "width": 420,
          }
        }
      />
    </View>
    <View
      style={
        Object {
          "alignSelf": "flex-start",
          "margin": 10,
        }
      }
    >
      <Text
        style={
          Array [
            Object {
              "fontSize": 18,
              "fontWeight": "300",
            },
            Object {
              "color": "#000000",
            },
          ]
        }
      >
        Rechnungsdetails
      </Text>
    </View>
    <View
      style={
        Object {
          "alignItems": "stretch",
          "flex": 1,
          "flexDirection": "row",
          "justifyContent": "space-between",
          "marginLeft": 20,
          "marginRight": 20,
        }
      }
    >
      <Text
        style={
          Object {
            "fontSize": 14,
          }
        }
      >
        1 Slot
         
        

        BIKE NEST 
        Nürnberg HBF
      </Text>
      <Text>
         
        2 Stunden
         
      </Text>
    </View>
    <View
      style={
        Object {
          "alignSelf": "center",
        }
      }
    >
      <Image
        source={1}
        style={
          Object {
            "alignSelf": "center",
            "justifyContent": "center",
            "marginLeft": -2,
            "width": 420,
          }
        }
      />
    </View>
    <View
      style={
        Object {
          "alignSelf": "flex-start",
          "margin": 10,
        }
      }
    >
      <Text
        style={
          Array [
            Object {
              "fontSize": 18,
              "fontWeight": "300",
            },
            Object {
              "color": "#F28D35",
            },
          ]
        }
      >
        Angefallene Kosten
      </Text>
    </View>
    <View
      style={
        Object {
          "alignItems": "stretch",
          "flex": 1,
          "flexDirection": "row",
          "justifyContent": "space-between",
          "marginLeft": 20,
          "marginRight": 20,
        }
      }
    >
      <Text
        style={
          Object {
            "fontSize": 14,
          }
        }
      >
        Gesamt exkl. Mwst.
      </Text>
      <Text
        style={
          Array [
            Object {
              "fontSize": 14,
            },
            Object {
              "color": "#F28D35",
              "fontWeight": "bold",
            },
          ]
        }
      >
         
        8,88
         
      </Text>
    </View>
    <View
      style={
        Object {
          "alignItems": "stretch",
          "flex": 1,
          "flexDirection": "row",
          "justifyContent": "space-between",
          "marginLeft": 20,
          "marginRight": 20,
        }
      }
    >
      <Text
        style={
          Object {
            "fontSize": 14,
          }
        }
      >
        Mwst. 19%
      </Text>
      <Text
        style={
          Array [
            Object {
              "fontSize": 14,
            },
            Object {
              "color": "#F28D35",
              "fontWeight": "bold",
            },
          ]
        }
      >
         
        1,69
         
      </Text>
    </View>
    <View
      style={
        Object {
          "alignItems": "stretch",
          "flex": 1,
          "flexDirection": "row",
          "justifyContent": "space-between",
          "marginLeft": 20,
          "marginRight": 20,
        }
      }
    >
      <Text
        style={
          Object {
            "fontSize": 14,
          }
        }
      >
        Rabatt
      </Text>
      <Text
        style={
          Array [
            Object {
              "fontSize": 14,
            },
            Object {
              "color": "#F28D35",
              "fontWeight": "bold",
            },
          ]
        }
      >
         
        0,50€
         
      </Text>
    </View>
    <Image
      source={1}
      style={
        Object {
          "alignSelf": "center",
          "justifyContent": "center",
          "marginBottom": 10,
          "width": 350,
        }
      }
    />
    <View
      style={
        Object {
          "alignItems": "stretch",
          "flex": 1,
          "flexDirection": "row",
          "justifyContent": "space-between",
          "marginLeft": 20,
          "marginRight": 20,
        }
      }
    >
      <Text
        style={
          Object {
            "fontSize": 18,
            "fontWeight": "300",
          }
        }
      >
        Gesamt (für 
        2 Stunden
        )
      </Text>
      <Text
        style={
          Array [
            Object {
              "fontSize": 18,
              "fontWeight": "300",
            },
            Object {
              "color": "#F28D35",
              "fontWeight": "bold",
            },
          ]
        }
      >
         
        10,57 €
         
      </Text>
    </View>
    <View
      style={
        Object {
          "alignItems": "center",
          "justifyContent": "center",
        }
      }
    >
      <View
        accessible={true}
        focusable={true}
        onClick={[Function]}
        onResponderGrant={[Function]}
        onResponderMove={[Function]}
        onResponderRelease={[Function]}
        onResponderTerminate={[Function]}
        onResponderTerminationRequest={[Function]}
        onStartShouldSetResponder={[Function]}
        style={
          Object {
            "alignItems": "center",
            "backgroundColor": "#F2F2F2",
            "borderRadius": 38,
            "elevation": 3,
            "height": 55,
            "justifyContent": "center",
            "margin": 9,
            "opacity": 1,
            "padding": 18,
            "width": 328,
          }
        }
      >
        <View
          style={
            Object {
              "alignItems": "center",
              "flexDirection": "row",
            }
          }
        >
          <Text
            style={
              Array [
                Object {
                  "color": "#F2F2F2",
                  "fontSize": 14,
                  "height": "100%",
                  "textAlign": "center",
                  "width": "100%",
                },
                Object {
                  "color": "#000000",
                },
              ]
            }
          >
            Rechnung herunterladen
          </Text>
        </View>
      </View>
    </View>
  </View>
  <View
    style={
      Object {
        "flexDirection": "row",
        "height": 70,
        "justifyContent": "flex-start",
        "width": "100%",
      }
    }
  >
    <View
      accessible={true}
      focusable={true}
      onClick={[Function]}
      onResponderGrant={[Function]}
      onResponderMove={[Function]}
      onResponderRelease={[Function]}
      onResponderTerminate={[Function]}
      onResponderTerminationRequest={[Function]}
      onStartShouldSetResponder={[Function]}
      style={
        Object {
          "backgroundColor": "#F28D35",
          "flex": 1,
          "opacity": 1,
          "padding": 5,
        }
      }
    >
      <View
        style={
          Object {
            "alignItems": "center",
            "flexDirection": "column",
            "justifyContent": "flex-start",
          }
        }
      >
        <View
          style={
            Object {
              "margin": 5,
            }
          }
        >
          <Image
            source={1}
          />
        </View>
        <Text
          style={
            Object {
              "color": "#F2F2F2",
              "fontSize": 14,
              "height": "100%",
              "textAlign": "center",
              "width": "100%",
            }
          }
        >
          Profil
        </Text>
      </View>
    </View>
    <View
      accessible={true}
      focusable={true}
      onClick={[Function]}
      onResponderGrant={[Function]}
      onResponderMove={[Function]}
      onResponderRelease={[Function]}
      onResponderTerminate={[Function]}
      onResponderTerminationRequest={[Function]}
      onStartShouldSetResponder={[Function]}
      style={
        Object {
          "backgroundColor": "#F28D35",
          "flex": 1,
          "opacity": 1,
          "padding": 5,
        }
      }
    >
      <View
        style={
          Object {
            "alignItems": "center",
            "flexDirection": "column",
            "justifyContent": "flex-start",
          }
        }
      >
        <View
          style={
            Object {
              "margin": 5,
            }
          }
        >
          <Image
            source={1}
          />
        </View>
        <Text
          style={
            Object {
              "color": "#F2F2F2",
              "fontSize": 14,
              "height": "100%",
              "textAlign": "center",
              "width": "100%",
            }
          }
        >
          (un)lock
        </Text>
      </View>
    </View>
    <View
      accessible={true}
      focusable={true}
      onClick={[Function]}
      onResponderGrant={[Function]}
      onResponderMove={[Function]}
      onResponderRelease={[Function]}
      onResponderTerminate={[Function]}
      onResponderTerminationRequest={[Function]}
      onStartShouldSetResponder={[Function]}
      style={
        Object {
          "backgroundColor": "#F28D35",
          "flex": 1,
          "opacity": 1,
          "padding": 5,
        }
      }
    >
      <View
        style={
          Object {
            "alignItems": "center",
            "flexDirection": "column",
            "justifyContent": "flex-start",
          }
        }
      >
        <View
          style={
            Object {
              "margin": 5,
            }
          }
        >
          <Image
            source={1}
          />
        </View>
        <Text
          style={
            Object {
              "color": "#F2F2F2",
              "fontSize": 14,
              "height": "100%",
              "textAlign": "center",
              "width": "100%",
            }
          }
        />
      </View>
    </View>
    <View
      accessible={true}
      focusable={true}
      onClick={[Function]}
      onResponderGrant={[Function]}
      onResponderMove={[Function]}
      onResponderRelease={[Function]}
      onResponderTerminate={[Function]}
      onResponderTerminationRequest={[Function]}
      onStartShouldSetResponder={[Function]}
      style={
        Object {
          "backgroundColor": "#F28D35",
          "flex": 1,
          "opacity": 1,
          "padding": 5,
        }
      }
    >
      <View
        style={
          Object {
            "alignItems": "center",
            "flexDirection": "column",
            "justifyContent": "flex-start",
          }
        }
      >
        <View
          style={
            Object {
              "margin": 5,
            }
          }
        >
          <Image
            source={1}
          />
        </View>
        <Text
          style={
            Object {
              "color": "#F2F2F2",
              "fontSize": 14,
              "height": "100%",
              "textAlign": "center",
              "width": "100%",
            }
          }
        >
          Navigation
        </Text>
      </View>
    </View>
    <View
      accessible={true}
      focusable={true}
      onClick={[Function]}
      onResponderGrant={[Function]}
      onResponderMove={[Function]}
      onResponderRelease={[Function]}
      onResponderTerminate={[Function]}
      onResponderTerminationRequest={[Function]}
      onStartShouldSetResponder={[Function]}
      style={
        Object {
          "backgroundColor": "#F28D35",
          "flex": 1,
          "opacity": 1,
          "padding": 5,
        }
      }
    >
      <View
        style={
          Object {
            "alignItems": "center",
            "flexDirection": "column",
            "justifyContent": "flex-start",
          }
        }
      >
        <View
          style={
            Object {
              "margin": 5,
            }
          }
        >
          <Image
            source={1}
          />
        </View>
        <Text
          style={
            Object {
              "color": "#F2F2F2",
              "fontSize": 14,
              "height": "100%",
              "textAlign": "center",
              "width": "100%",
            }
          }
        >
          Verlauf
        </Text>
      </View>
    </View>
  </View>
</View>
`;
