// Jest Snapshot v1, https://goo.gl/fbAQLP

exports[`renders correctly 1`] = `
<View
  style={
    Object {
      "alignItems": "center",
      "backgroundColor": "#000",
      "flex": 1,
      "justifyContent": "center",
    }
  }
>
  <Text
    style={
      Object {
        "color": "#000",
      }
    }
  >
    Camera permission is not granted
  </Text>
</View>
`;
